../Core/Src/main.c:90:6:Ultrasonic_distance	8	static
../Core/Src/main.c:101:6:HAL_TIM_IC_CaptureCallback	16	static
../Core/Src/main.c:141:6:Read_Ultrasonic	8	static
../Core/Src/main.c:148:9:Read_MQ3_Digital	8	static
../Core/Src/main.c:156:10:Read_FSR_ADC	16	static
../Core/Src/main.c:171:5:main	16	static
../Core/Src/main.c:244:6:SystemClock_Config	88	static
../Core/Src/main.c:290:13:MX_ADC2_Init	24	static
../Core/Src/main.c:342:13:MX_CAN1_Init	48	static
../Core/Src/main.c:392:13:MX_TIM4_Init	48	static
../Core/Src/main.c:450:13:MX_USART2_UART_Init	8	static
../Core/Src/main.c:483:13:MX_GPIO_Init	48	static
../Core/Src/main.c:530:6:Error_Handler	4	static,ignoring_inline_asm
