../Core/Src/main.c:84:6:HAL_CAN_RxFifo0MsgPendingCallback	16	static
../Core/Src/main.c:97:6:MotorStart	8	static
../Core/Src/main.c:103:6:MotorStop	8	static
../Core/Src/main.c:115:5:main	152	static
../Core/Src/main.c:231:6:SystemClock_Config	88	static
../Core/Src/main.c:277:13:MX_CAN1_Init	48	static
../Core/Src/main.c:327:13:MX_TIM1_Init	80	static
../Core/Src/main.c:392:13:MX_USART2_UART_Init	8	static
../Core/Src/main.c:425:13:MX_GPIO_Init	48	static
../Core/Src/main.c:480:6:Error_Handler	4	static,ignoring_inline_asm
