../Core/Src/main.c:72:10:Read_FSR_ADC	16	static
../Core/Src/main.c:84:6:UART_Print	16	static
../Core/Src/main.c:88:6:CAN_Send_DriverStatus	16	static
../Core/Src/main.c:102:6:CAN_Filter_Config	48	static
../Core/Src/main.c:124:5:main	16	static
../Core/Src/main.c:190:6:SystemClock_Config	88	static
../Core/Src/main.c:237:13:MX_ADC1_Init	24	static
../Core/Src/main.c:289:13:MX_CAN1_Init	8	static
../Core/Src/main.c:326:13:MX_USART2_UART_Init	8	static
../Core/Src/main.c:359:13:MX_GPIO_Init	16	static
../Core/Src/main.c:382:6:Error_Handler	4	static,ignoring_inline_asm
